// Jest Snapshot v1, https://goo.gl/fbAQLP

exports[`BarTechnologies renders correctly 1`] = `
ShallowWrapper {
  "length": 1,
  Symbol(enzyme.__root__): [Circular],
  Symbol(enzyme.__unrendered__): <BarTechnologies />,
  Symbol(enzyme.__renderer__): Object {
    "batchedUpdates": [Function],
    "getNode": [Function],
    "render": [Function],
    "simulateEvent": [Function],
    "unmount": [Function],
  },
  Symbol(enzyme.__node__): Object {
    "instance": null,
    "key": undefined,
    "nodeType": "class",
    "props": Object {
      "children": Array [
        <styled.div>
          <styled.div>
                    <IconLabel
                              className="fab fa-html5"
                              color="#fff"
                              label="HTML5"
                    />
          </styled.div>
          <styled.div>
                    <IconLabel
                              className="fab fa-css3-alt"
                              color="#fff"
                              label="CSS3"
                    />
          </styled.div>
          <styled.div>
                    <IconLabel
                              className="fab fa-js-square"
                              color="#fff"
                              label="ES6"
                    />
          </styled.div>
</styled.div>,
        <styled.div>
          <styled.div>
                    <IconLabel
                              className="fab fa-react"
                              color="#fff"
                              label="React"
                    />
          </styled.div>
          <styled.div>
                    <IconLabel
                              className="fab fa-react"
                              color="#fff"
                              label="React-Native"
                    />
          </styled.div>
          <styled.div>
                    <IconLabel
                              className="fab fa-node-js"
                              color="#fff"
                              label="Node"
                    />
          </styled.div>
</styled.div>,
      ],
    },
    "ref": null,
    "rendered": Array [
      Object {
        "instance": null,
        "key": undefined,
        "nodeType": "class",
        "props": Object {
          "children": Array [
            <styled.div>
              <IconLabel
                            className="fab fa-html5"
                            color="#fff"
                            label="HTML5"
              />
</styled.div>,
            <styled.div>
              <IconLabel
                            className="fab fa-css3-alt"
                            color="#fff"
                            label="CSS3"
              />
</styled.div>,
            <styled.div>
              <IconLabel
                            className="fab fa-js-square"
                            color="#fff"
                            label="ES6"
              />
</styled.div>,
          ],
        },
        "ref": null,
        "rendered": Array [
          Object {
            "instance": null,
            "key": "0",
            "nodeType": "class",
            "props": Object {
              "children": <IconLabel
                className="fab fa-html5"
                color="#fff"
                label="HTML5"
/>,
            },
            "ref": null,
            "rendered": Object {
              "instance": null,
              "key": undefined,
              "nodeType": "function",
              "props": Object {
                "className": "fab fa-html5",
                "color": "#fff",
                "label": "HTML5",
              },
              "ref": null,
              "rendered": null,
              "type": [Function],
            },
            "type": [Function],
          },
          Object {
            "instance": null,
            "key": "1",
            "nodeType": "class",
            "props": Object {
              "children": <IconLabel
                className="fab fa-css3-alt"
                color="#fff"
                label="CSS3"
/>,
            },
            "ref": null,
            "rendered": Object {
              "instance": null,
              "key": undefined,
              "nodeType": "function",
              "props": Object {
                "className": "fab fa-css3-alt",
                "color": "#fff",
                "label": "CSS3",
              },
              "ref": null,
              "rendered": null,
              "type": [Function],
            },
            "type": [Function],
          },
          Object {
            "instance": null,
            "key": "2",
            "nodeType": "class",
            "props": Object {
              "children": <IconLabel
                className="fab fa-js-square"
                color="#fff"
                label="ES6"
/>,
            },
            "ref": null,
            "rendered": Object {
              "instance": null,
              "key": undefined,
              "nodeType": "function",
              "props": Object {
                "className": "fab fa-js-square",
                "color": "#fff",
                "label": "ES6",
              },
              "ref": null,
              "rendered": null,
              "type": [Function],
            },
            "type": [Function],
          },
        ],
        "type": [Function],
      },
      Object {
        "instance": null,
        "key": undefined,
        "nodeType": "class",
        "props": Object {
          "children": Array [
            <styled.div>
              <IconLabel
                            className="fab fa-react"
                            color="#fff"
                            label="React"
              />
</styled.div>,
            <styled.div>
              <IconLabel
                            className="fab fa-react"
                            color="#fff"
                            label="React-Native"
              />
</styled.div>,
            <styled.div>
              <IconLabel
                            className="fab fa-node-js"
                            color="#fff"
                            label="Node"
              />
</styled.div>,
          ],
        },
        "ref": null,
        "rendered": Array [
          Object {
            "instance": null,
            "key": "0",
            "nodeType": "class",
            "props": Object {
              "children": <IconLabel
                className="fab fa-react"
                color="#fff"
                label="React"
/>,
            },
            "ref": null,
            "rendered": Object {
              "instance": null,
              "key": undefined,
              "nodeType": "function",
              "props": Object {
                "className": "fab fa-react",
                "color": "#fff",
                "label": "React",
              },
              "ref": null,
              "rendered": null,
              "type": [Function],
            },
            "type": [Function],
          },
          Object {
            "instance": null,
            "key": "1",
            "nodeType": "class",
            "props": Object {
              "children": <IconLabel
                className="fab fa-react"
                color="#fff"
                label="React-Native"
/>,
            },
            "ref": null,
            "rendered": Object {
              "instance": null,
              "key": undefined,
              "nodeType": "function",
              "props": Object {
                "className": "fab fa-react",
                "color": "#fff",
                "label": "React-Native",
              },
              "ref": null,
              "rendered": null,
              "type": [Function],
            },
            "type": [Function],
          },
          Object {
            "instance": null,
            "key": "2",
            "nodeType": "class",
            "props": Object {
              "children": <IconLabel
                className="fab fa-node-js"
                color="#fff"
                label="Node"
/>,
            },
            "ref": null,
            "rendered": Object {
              "instance": null,
              "key": undefined,
              "nodeType": "function",
              "props": Object {
                "className": "fab fa-node-js",
                "color": "#fff",
                "label": "Node",
              },
              "ref": null,
              "rendered": null,
              "type": [Function],
            },
            "type": [Function],
          },
        ],
        "type": [Function],
      },
    ],
    "type": [Function],
  },
  Symbol(enzyme.__nodes__): Array [
    Object {
      "instance": null,
      "key": undefined,
      "nodeType": "class",
      "props": Object {
        "children": Array [
          <styled.div>
            <styled.div>
                        <IconLabel
                                    className="fab fa-html5"
                                    color="#fff"
                                    label="HTML5"
                        />
            </styled.div>
            <styled.div>
                        <IconLabel
                                    className="fab fa-css3-alt"
                                    color="#fff"
                                    label="CSS3"
                        />
            </styled.div>
            <styled.div>
                        <IconLabel
                                    className="fab fa-js-square"
                                    color="#fff"
                                    label="ES6"
                        />
            </styled.div>
</styled.div>,
          <styled.div>
            <styled.div>
                        <IconLabel
                                    className="fab fa-react"
                                    color="#fff"
                                    label="React"
                        />
            </styled.div>
            <styled.div>
                        <IconLabel
                                    className="fab fa-react"
                                    color="#fff"
                                    label="React-Native"
                        />
            </styled.div>
            <styled.div>
                        <IconLabel
                                    className="fab fa-node-js"
                                    color="#fff"
                                    label="Node"
                        />
            </styled.div>
</styled.div>,
        ],
      },
      "ref": null,
      "rendered": Array [
        Object {
          "instance": null,
          "key": undefined,
          "nodeType": "class",
          "props": Object {
            "children": Array [
              <styled.div>
                <IconLabel
                                className="fab fa-html5"
                                color="#fff"
                                label="HTML5"
                />
</styled.div>,
              <styled.div>
                <IconLabel
                                className="fab fa-css3-alt"
                                color="#fff"
                                label="CSS3"
                />
</styled.div>,
              <styled.div>
                <IconLabel
                                className="fab fa-js-square"
                                color="#fff"
                                label="ES6"
                />
</styled.div>,
            ],
          },
          "ref": null,
          "rendered": Array [
            Object {
              "instance": null,
              "key": "0",
              "nodeType": "class",
              "props": Object {
                "children": <IconLabel
                  className="fab fa-html5"
                  color="#fff"
                  label="HTML5"
/>,
              },
              "ref": null,
              "rendered": Object {
                "instance": null,
                "key": undefined,
                "nodeType": "function",
                "props": Object {
                  "className": "fab fa-html5",
                  "color": "#fff",
                  "label": "HTML5",
                },
                "ref": null,
                "rendered": null,
                "type": [Function],
              },
              "type": [Function],
            },
            Object {
              "instance": null,
              "key": "1",
              "nodeType": "class",
              "props": Object {
                "children": <IconLabel
                  className="fab fa-css3-alt"
                  color="#fff"
                  label="CSS3"
/>,
              },
              "ref": null,
              "rendered": Object {
                "instance": null,
                "key": undefined,
                "nodeType": "function",
                "props": Object {
                  "className": "fab fa-css3-alt",
                  "color": "#fff",
                  "label": "CSS3",
                },
                "ref": null,
                "rendered": null,
                "type": [Function],
              },
              "type": [Function],
            },
            Object {
              "instance": null,
              "key": "2",
              "nodeType": "class",
              "props": Object {
                "children": <IconLabel
                  className="fab fa-js-square"
                  color="#fff"
                  label="ES6"
/>,
              },
              "ref": null,
              "rendered": Object {
                "instance": null,
                "key": undefined,
                "nodeType": "function",
                "props": Object {
                  "className": "fab fa-js-square",
                  "color": "#fff",
                  "label": "ES6",
                },
                "ref": null,
                "rendered": null,
                "type": [Function],
              },
              "type": [Function],
            },
          ],
          "type": [Function],
        },
        Object {
          "instance": null,
          "key": undefined,
          "nodeType": "class",
          "props": Object {
            "children": Array [
              <styled.div>
                <IconLabel
                                className="fab fa-react"
                                color="#fff"
                                label="React"
                />
</styled.div>,
              <styled.div>
                <IconLabel
                                className="fab fa-react"
                                color="#fff"
                                label="React-Native"
                />
</styled.div>,
              <styled.div>
                <IconLabel
                                className="fab fa-node-js"
                                color="#fff"
                                label="Node"
                />
</styled.div>,
            ],
          },
          "ref": null,
          "rendered": Array [
            Object {
              "instance": null,
              "key": "0",
              "nodeType": "class",
              "props": Object {
                "children": <IconLabel
                  className="fab fa-react"
                  color="#fff"
                  label="React"
/>,
              },
              "ref": null,
              "rendered": Object {
                "instance": null,
                "key": undefined,
                "nodeType": "function",
                "props": Object {
                  "className": "fab fa-react",
                  "color": "#fff",
                  "label": "React",
                },
                "ref": null,
                "rendered": null,
                "type": [Function],
              },
              "type": [Function],
            },
            Object {
              "instance": null,
              "key": "1",
              "nodeType": "class",
              "props": Object {
                "children": <IconLabel
                  className="fab fa-react"
                  color="#fff"
                  label="React-Native"
/>,
              },
              "ref": null,
              "rendered": Object {
                "instance": null,
                "key": undefined,
                "nodeType": "function",
                "props": Object {
                  "className": "fab fa-react",
                  "color": "#fff",
                  "label": "React-Native",
                },
                "ref": null,
                "rendered": null,
                "type": [Function],
              },
              "type": [Function],
            },
            Object {
              "instance": null,
              "key": "2",
              "nodeType": "class",
              "props": Object {
                "children": <IconLabel
                  className="fab fa-node-js"
                  color="#fff"
                  label="Node"
/>,
              },
              "ref": null,
              "rendered": Object {
                "instance": null,
                "key": undefined,
                "nodeType": "function",
                "props": Object {
                  "className": "fab fa-node-js",
                  "color": "#fff",
                  "label": "Node",
                },
                "ref": null,
                "rendered": null,
                "type": [Function],
              },
              "type": [Function],
            },
          ],
          "type": [Function],
        },
      ],
      "type": [Function],
    },
  ],
  Symbol(enzyme.__options__): Object {
    "adapter": ReactSixteenAdapter {
      "options": Object {
        "enableComponentDidUpdateOnSetState": true,
      },
    },
  },
}
`;
