// Jest Snapshot v1, https://goo.gl/fbAQLP

exports[`VideoCode renders correctly 1`] = `
ShallowWrapper {
  "length": 1,
  Symbol(enzyme.__root__): [Circular],
  Symbol(enzyme.__unrendered__): <VideoCode />,
  Symbol(enzyme.__renderer__): Object {
    "batchedUpdates": [Function],
    "getNode": [Function],
    "render": [Function],
    "simulateEvent": [Function],
    "unmount": [Function],
  },
  Symbol(enzyme.__node__): Object {
    "instance": null,
    "key": undefined,
    "nodeType": "class",
    "props": Object {
      "autoPlay": true,
      "children": Array [
        <source
          src="HelloWorld.mp4"
          type="video/mp4"
/>,
        <source
          src="HelloWorld.webm"
          type="video/webm"
/>,
        "Your browser is not supported!",
      ],
      "loop": true,
      "muted": true,
    },
    "ref": null,
    "rendered": Array [
      Object {
        "instance": null,
        "key": undefined,
        "nodeType": "host",
        "props": Object {
          "src": "HelloWorld.mp4",
          "type": "video/mp4",
        },
        "ref": null,
        "rendered": null,
        "type": "source",
      },
      Object {
        "instance": null,
        "key": undefined,
        "nodeType": "host",
        "props": Object {
          "src": "HelloWorld.webm",
          "type": "video/webm",
        },
        "ref": null,
        "rendered": null,
        "type": "source",
      },
      "Your browser is not supported!",
    ],
    "type": [Function],
  },
  Symbol(enzyme.__nodes__): Array [
    Object {
      "instance": null,
      "key": undefined,
      "nodeType": "class",
      "props": Object {
        "autoPlay": true,
        "children": Array [
          <source
            src="HelloWorld.mp4"
            type="video/mp4"
/>,
          <source
            src="HelloWorld.webm"
            type="video/webm"
/>,
          "Your browser is not supported!",
        ],
        "loop": true,
        "muted": true,
      },
      "ref": null,
      "rendered": Array [
        Object {
          "instance": null,
          "key": undefined,
          "nodeType": "host",
          "props": Object {
            "src": "HelloWorld.mp4",
            "type": "video/mp4",
          },
          "ref": null,
          "rendered": null,
          "type": "source",
        },
        Object {
          "instance": null,
          "key": undefined,
          "nodeType": "host",
          "props": Object {
            "src": "HelloWorld.webm",
            "type": "video/webm",
          },
          "ref": null,
          "rendered": null,
          "type": "source",
        },
        "Your browser is not supported!",
      ],
      "type": [Function],
    },
  ],
  Symbol(enzyme.__options__): Object {
    "adapter": ReactSixteenAdapter {
      "options": Object {
        "enableComponentDidUpdateOnSetState": true,
      },
    },
  },
}
`;
