// Jest Snapshot v1, https://goo.gl/fbAQLP

exports[`Home renders correctly 1`] = `
<React.Fragment>
  <header>
    <SectionIntro />
  </header>
  <styled.main>
    <SectionSkills />
    <SectionTechnologies />
    <SectionWork />
  </styled.main>
  <footer>
    <SectionContact />
  </footer>
</React.Fragment>
`;
