// Jest Snapshot v1, https://goo.gl/fbAQLP

exports[`SectionContact renders correctly 1`] = `
<styled.section>
  <Styled(BarSocialMedia)
    className="wow slideInUp"
  />
</styled.section>
`;
