// Jest Snapshot v1, https://goo.gl/fbAQLP

exports[`ImageCoastline renders correctly 1`] = `
<img
  alt="Coastline Market Mobile App"
  src="coastline-mobile.png"
/>
`;
